// Jest Snapshot v1, https://goo.gl/fbAQLP

exports[`Testing <Home /> component Should render properly 1`] = `ShallowWrapper {}`;
